25x25
  ;  ;  ;  ;  ;  ;  ;  ;  ;  ;  ;  ;  ;  ;  ;  ;  ;  ;  ;  ;  ;  ;  ;  ;  ;
  ;  ;  ;  ;  ;  ;  ;  ;  ;  ;  ;  ;  ;  ;  ;  ;  ;  ;  ;  ;  ;  ;  ;  ;  ;
  ;  ;  ;  ;  ;  ;  ;  ;  ;  ;  ;  ;  ;  ;  ;  ;  ;  ;  ;  ;  ;  ;  ;  ;  ;
  ;  ;  ;  ;  ;  ;  ;  ; X; X; X; X; X; X; X; X; X; X; X; X; X; X;  ;  ;  ;
  ;  ;  ;  ;  ;  ;  ;  ; X; X; X; X; X; X; X; X; X; X; X; X; X; X; X;  ;  ;
  ;  ;  ;  ;  ;  ;  ;  ; X; X; X; X; X; X; X; X; X; X; X; X; X; X; X;  ;  ;
  ;  ;  ;  ; X; X; X; X; X; X; X; X; X; X; X; X; X; X; X; X; X; X; X;  ;  ;
  ;  ;  ;  ; X; X; X; X; X;TO;WK; X;WK;WK;WK;WK;WK;WK; X; X; X; X; X;  ;  ;
  ;  ;  ;  ; X; X; X; X; X;WK;TO;  ;WK;WK;TO;WK;WK;WK;WK; X; X; X; X;  ;  ;
  ;  ;  ;  ; X; X; X; X; X; X; X; X;WK;WK;WK; X; X;WK; X; X; X; X; X;  ;  ;
  ;  ;  ;  ; X; X; X; X;WK;WK;WK;WK;WK;WK;WK; X; X;TO; X; X; X; X; X;  ;  ;
  ;  ;  ;  ; X; X; X; X;WK; X; X;WK;WK;WK;WK; X; X;WK; X; X; X; X; X;  ;  ;
  ;  ;  ;  ; X; X; X; X; X;WK;WK;WK;WK;WK;WK;WK;WK;WK; X; X; X; X; X;  ;  ;
  ;  ;  ;  ; X; X; X; X; X; X; X; X;TW; X; X; X; X; X; X; X; X; X;  ;  ;  ;
  ;  ;  ;  ; X; X; X; X; X; X; X; X; X; X; X; X; X; X; X; X; X; X;  ;  ;  ;
  ;  ;  ;  ;  ;  ; X; X; X; X; X; X; X; X; X; X; X; X; X; X; X; X;  ;  ;  ;
  ;  ;  ;  ;  ;  ; X; X; X; X; X; X; X; X; X; X; X; X; X; X; X; X;  ;  ;  ;
  ;  ;  ;  ;  ;  ;  ;  ;  ;  ;  ;  ;  ;  ;  ;  ;  ;  ;  ;  ;  ;  ;  ;  ;  ;
  ;  ;  ;  ;  ;  ;  ;  ;  ;  ;  ;  ;  ;  ;  ;  ;  ;  ;  ;  ;  ;  ;  ;  ;  ;
  ;  ;  ;  ;  ;  ;  ;  ;  ;  ;  ;  ;  ;  ;  ;  ;  ;  ;  ;  ;  ;  ;  ;  ;  ;
  ;  ;  ;  ;  ;  ;  ;  ;  ;  ;  ;  ;  ;  ;  ;  ;  ;  ;  ;  ;  ;  ;  ;  ;  ;
  ;  ;  ;  ;  ;  ;  ;  ;  ;  ;  ;  ;  ;  ;  ;  ;  ;  ;  ;  ;  ;  ;  ;  ;  ;
  ;  ;  ;  ;  ;  ;  ;  ;  ;  ;  ;  ;  ;  ;  ;  ;  ;  ;  ;  ;  ;  ;  ;  ;  ;
  ;  ;  ;  ;  ;  ;  ;  ;  ;  ;  ;  ;  ;  ;  ;  ;  ;  ;  ;  ;  ;  ;  ;  ;  ;
  ;  ;  ;  ;  ;  ;  ;  ;  ;  ;  ;  ;  ;  ;  ;  ;  ;  ;  ;  ;  ;  ;  ;  ;  ;
