33x33
  ;  ;  ;  ;  ;  ;  ;  ;  ;  ;  ;  ;  ;  ;  ;  ;  ;  ;  ;  ;  ;  ;  ;  ;  ;  ;  ;  ;  ;  ;  ;  ;  ;
  ;  ;  ;  ;  ;  ;  ;  ;  ;  ;  ;  ;  ;  ;  ;  ;  ;  ;  ;  ;  ;  ;  ;  ;  ;  ;  ;  ;  ;  ;  ;  ;  ;
  ;  ;  ;  ;  ;  ;  ;  ;  ;  ;  ;  ;  ;  ;  ;  ;  ;  ;  ;  ;  ;  ;  ;  ;  ;  ;  ;  ;  ;  ;  ;  ;  ;
  ;  ;  ;  ;  ;  ;  ;  ;  ;  ;  ;  ;  ;  ;  ;  ;  ;  ;  ;  ;  ;  ;  ;  ;  ;  ;  ;  ;  ;  ;  ;  ;  ;
  ;  ;  ;  ;  ;  ;  ;  ;  ;  ;  ;  ;  ;  ;  ;  ;  ;  ;  ;  ;  ;  ;  ;  ;  ;  ;  ;  ;  ;  ;  ;  ;  ;
  ;  ;  ;  ;  ;  ;  ;  ;  ;  ;  ;  ;  ;  ;  ;  ;  ;  ;  ;  ;  ;  ;  ;  ;  ;  ;  ;  ;  ;  ;  ;  ;  ;
  ;  ;  ;  ;  ;  ;  ;  ;  ;  ;  ;  ;  ;  ;  ;  ;  ;  ;  ;  ;  ;  ;  ;  ;  ;  ;  ;  ;  ;  ;  ;  ;  ;
  ;  ;  ;  ;  ;  ;  ;  ;  ;  ;  ;  ;  ;  ;  ;  ;  ;  ;  ;  ;  ;  ;  ;  ;  ;  ;  ;  ;  ;  ;  ;  ;  ;
  ;  ;  ;  ;  ;  ;  ;  ;  ;  ;  ;  ;  ;  ;  ;  ;  ;  ;  ;  ;  ;  ;  ;  ;  ;  ;  ;  ;  ;  ;  ;  ;  ;
  ;  ;  ;  ;  ;  ;  ;  ;  ;  ;  ;  ;  ;  ;  ;  ;  ;  ;  ;  ;  ;  ;  ;  ;  ;  ;  ;  ;  ;  ;  ;  ;  ;
  ;  ;  ;  ;  ;  ;  ;  ;  ;  ;  ;  ;  ;  ;  ;  ;  ;  ;  ;  ;  ;  ;  ;  ;  ;  ;  ;  ;  ;  ;  ;  ;  ;
  ;  ;  ;  ;  ;  ;  ;  ;  ;  ;  ;  ;  ;  ;  ;  ;  ;  ;  ;  ;  ;  ;  ;  ;  ;  ;  ;  ;  ;  ;  ;  ;  ;
  ;  ;  ; X; X; X;TO;WK;WK;WK;WK;TO;WK;WK;WK;WK;TO; X; X; X; X;  ;  ;  ;  ;  ;  ;  ;  ;  ;  ;  ;  ;
  ;  ;  ; X; X; X;WK; X; X; X; X; X; X; X; X; X;WK; X; X; X; X;  ;  ;  ;  ;  ;  ;  ;  ;  ;  ;  ;  ;
  ;  ;  ; X; X; X;WK;WK;WK;WK;WK;WK;WK;WK;WK;WK;WK; X; X; X; X;  ;  ;  ;  ;  ;  ;  ;  ;  ;  ;  ;  ;
  ;  ;  ; X; X; X;WK;WK;WK;WK;WK;WK;WK;WK;WK;WK;WK; X; X; X; X;  ;  ;  ;  ;  ;  ;  ;  ;  ;  ;  ;  ;
  ;  ;  ; X; X;TW;WK;WK;WK;WK;WK;WK;WK;WK;WK;WK;WK;TW; X; X; X;  ;  ;  ;  ;  ;  ;  ;  ;  ;  ;  ;  ;
  ;  ;  ; X; X; X;WK;WK;WK;WK;WK;WK;WK;WK;WK;WK;WK; X; X; X; X;  ;  ;  ;  ;  ;  ;  ;  ;  ;  ;  ;  ;
  ;  ;  ; X; X; X;WK;WK;WK;WK;WK;WK;WK;WK;WK;WK;WK; X; X; X; X;  ;  ;  ;  ;  ;  ;  ;  ;  ;  ;  ;  ;
  ;  ;  ; X; X; X; X; X; X; X; X; X; X;WK;WK; X; X; X; X; X; X;  ;  ;  ;  ;  ;  ;  ;  ;  ;  ;  ;  ;
  ;  ;  ; X; X; X;WK;WK;WK;WK;WK;WK; X;WK;WK;TW; X; X; X; X; X;  ;  ;  ;  ;  ;  ;  ;  ;  ;  ;  ;  ;
  ;  ;  ;  ;  ;  ;  ;WK;WK;WK;WK;WK; X;WK;WK; X; X; X; X;  ;  ;  ;  ;  ;  ;  ;  ;  ;  ;  ;  ;  ;  ;
  ;  ;  ;  ;  ;  ;  ; X; X; X; X; X; X; X; X; X; X; X; X;  ;  ;  ;  ;  ;  ;  ;  ;  ;  ;  ;  ;  ;  ;
  ;  ;  ;  ;  ;  ;  ;  ;  ; X; X; X; X; X; X; X; X; X; X;  ;  ;  ;  ;  ;  ;  ;  ;  ;  ;  ;  ;  ;  ;
  ;  ;  ;  ;  ;  ;  ;  ;  ; X; X; X; X; X; X; X; X; X; X;  ;  ;  ;  ;  ;  ;  ;  ;  ;  ;  ;  ;  ;  ;
  ;  ;  ;  ;  ;  ;  ;  ;  ;  ; X; X; X; X; X; X; X; X; X;  ;  ;  ;  ;  ;  ;  ;  ;  ;  ;  ;  ;  ;  ;
  ;  ;  ;  ;  ;  ;  ;  ;  ;  ;  ;  ;  ;  ;  ;  ;  ;  ;  ;  ;  ;  ;  ;  ;  ;  ;  ;  ;  ;  ;  ;  ;  ;
  ;  ;  ;  ;  ;  ;  ;  ;  ;  ;  ;  ;  ;  ;  ;  ;  ;  ;  ;  ;  ;  ;  ;  ;  ;  ;  ;  ;  ;  ;  ;  ;  ;
  ;  ;  ;  ;  ;  ;  ;  ;  ;  ;  ;  ;  ;  ;  ;  ;  ;  ;  ;  ;  ;  ;  ;  ;  ;  ;  ;  ;  ;  ;  ;  ;  ;
  ;  ;  ;  ;  ;  ;  ;  ;  ;  ;  ;  ;  ;  ;  ;  ;  ;  ;  ;  ;  ;  ;  ;  ;  ;  ;  ;  ;  ;  ;  ;  ;  ;
  ;  ;  ;  ;  ;  ;  ;  ;  ;  ;  ;  ;  ;  ;  ;  ;  ;  ;  ;  ;  ;  ;  ;  ;  ;  ;  ;  ;  ;  ;  ;  ;  ;
  ;  ;  ;  ;  ;  ;  ;  ;  ;  ;  ;  ;  ;  ;  ;  ;  ;  ;  ;  ;  ;  ;  ;  ;  ;  ;  ;  ;  ;  ;  ;  ;  ;
  ;  ;  ;  ;  ;  ;  ;  ;  ;  ;  ;  ;  ;  ;  ;  ;  ;  ;  ;  ;  ;  ;  ;  ;  ;  ;  ;  ;  ;  ;  ;  ;  ;
